Invoked as: ./configure 
Tclsh: /usr/bin/tclsh
Failed: cc -c -O2 -g conftest__.c -o conftest__.o
conftest__.c: In function ‘main’:
conftest__.c:3:12: error: size of array ‘_x’ is negative
    3 | static int _x[sizeof(off_t) == 4 ? 1 : -1] = { 1 };
      |            ^~
child process exited abnormally
============
The failed code was:
#include <sys/types.h>
int main(void) {
static int _x[sizeof(off_t) == 4 ? 1 : -1] = { 1 };
return 0;
}
============
Failed: cc -O2 -g conftest__.c -o conftest__
/usr/bin/ld: /tmp/cclq47hF.o: in function `main':
/home/arthur/Downloads/sqlite-cpp/libraries/libsqlite3-legacy/pkg/sqlite-src-3530400/conftest__.c:3:(.text.startup+0x5): undefined reference to `localtime_s'
collect2: error: ld returned 1 exit status
child process exited abnormally
============
The failed code was:
extern void localtime_s(void);
int main(void) {
localtime_s();
return 0;
}
============
Failed: cc -O2 -g conftest__.c -o conftest__
/usr/bin/ld: /tmp/ccLuVYLD.o: in function `main':
/home/arthur/Downloads/sqlite-cpp/libraries/libsqlite3-legacy/pkg/sqlite-src-3530400/conftest__.c:3:(.text.startup+0x5): undefined reference to `deflate'
collect2: error: ld returned 1 exit status
child process exited abnormally
============
The failed code was:
extern void deflate(void);
int main(void) {
deflate();
return 0;
}
============
Failed: cc -rpath /usr/local/lib -O2 -g conftest__.c -o conftest__
cc: error: unrecognized command-line option ‘-rpath’
child process exited abnormally
============
The failed code was:
int main(void) {

return 0;
}
============
Failed: cc -O2 -g conftest__.c -o conftest__
conftest__.c:1:13: warning: conflicting types for built-in function ‘ceil’; expected ‘double(double)’ [-Wbuiltin-declaration-mismatch]
    1 | extern void ceil(void);
      |             ^~~~
conftest__.c:1:1: note: ‘ceil’ is declared in header ‘<math.h>’
  +++ |+#include <math.h>
    1 | extern void ceil(void);
/usr/bin/ld: /tmp/ccu2gJpJ.o: in function `main':
/home/arthur/Downloads/sqlite-cpp/libraries/libsqlite3-legacy/pkg/sqlite-src-3530400/conftest__.c:3:(.text.startup+0x5): undefined reference to `ceil'
collect2: error: ld returned 1 exit status
child process exited abnormally
============
The failed code was:
extern void ceil(void);
int main(void) {
ceil();
return 0;
}
============
Failed: cc -O2 -g conftest__.c -o conftest__
/usr/bin/ld: /tmp/ccjrlZz5.o: in function `main':
/home/arthur/Downloads/sqlite-cpp/libraries/libsqlite3-legacy/pkg/sqlite-src-3530400/conftest__.c:3:(.text.startup+0x5): undefined reference to `tgetent'
collect2: error: ld returned 1 exit status
child process exited abnormally
============
The failed code was:
extern void tgetent(void);
int main(void) {
tgetent();
return 0;
}
============
Failed: cc -O2 -g conftest__.c -o conftest__ -lreadline
/usr/bin/ld: /tmp/ccj3mOeO.o: undefined reference to symbol 'tgetent@@NCURSES6_TINFO_5.0.19991023'
/usr/bin/ld: /usr/lib/libncursesw.so.6: error adding symbols: DSO missing from command line
collect2: error: ld returned 1 exit status
child process exited abnormally
============
The failed code was:
extern void tgetent(void);
int main(void) {
tgetent();
return 0;
}
============
Failed: cc -O2 -g conftest__.c -o conftest__ -lncurses
/usr/bin/ld: /tmp/ccKsCtYs.o: in function `main':
/home/arthur/Downloads/sqlite-cpp/libraries/libsqlite3-legacy/pkg/sqlite-src-3530400/conftest__.c:3:(.text.startup+0x5): undefined reference to `readline'
collect2: error: ld returned 1 exit status
child process exited abnormally
============
The failed code was:
extern void readline(void);
int main(void) {
readline();
return 0;
}
============
